#./src/main/resources/Entities.map
#Fri Aug 02 17:08:12 CEST 2019
paper2=2296
paper1=2295
author3message1=2231
admin=2213
conference4tutorial1=2267
author1submission4=2304
conference5tutorial1section2=2282
author1submission3=2303
conference5tutorial1section1=2281
author1submission2=2302
author1submission1=2301
conference4presentation1comment1=2275
conference5comment3=2291
conference5comment2=2290
author2registration6=2320
conference5comment1=2289
author2registration5=2319
conference5tutorial1=2280
author2registration4=2318
author2registration3=2317
author2registration2=2316
author2registration1=2315
conference1presentation1=2252
reviewer2message1=2236
sponsor1sponsorship6=2332
sponsor1sponsorship5=2331
conference1panel1comment1=2254
sponsor1sponsorship4=2330
sponsor1sponsorship3=2329
sponsor1sponsorship2=2328
sponsor1sponsorship1=2327
sponsor3message1=2245
systemConfig=2188
conference4panel1comment1=2274
topic5=2212
topic4=2211
topic3=2210
topic2=2209
topic1=2208
reviewer2report1=2325
category19=2207
category18=2206
category17=2205
category16=2204
category15=2203
category14=2202
category13=2201
category12=2200
conference1tutorial1comment1=2253
category11=2199
category10=2198
author1message6=2222
author1message5=2221
userAccount10=2187
author1message4=2220
author1message3=2219
author1message2=2218
author1message1=2217
creditCard4=2300
creditCard3=2299
creditCard2=2298
creditCard1=2297
conference6panel2=2294
conference6panel1=2293
reviewer3=2237
reviewer2=2235
reviewer1=2232
author2submission6=2314
author2submission5=2313
author2submission4=2312
conference4panel2=2271
author2submission3=2311
conference4panel1=2270
author2submission2=2310
author2submission1=2309
conference1presentation1comment1=2255
conference5panel2=2284
conference5panel1=2283
conference4presentation1=2272
conference1panel2=2251
conference1panel1=2250
conference2panel1=2262
conference3panel2=2265
conference3panel1=2264
sponsor1message2=2241
reviewer3message1=2238
sponsor1message1=2240
author3registration2=2322
author3registration1=2321
sponsor2sponsorship6=2338
sponsor2sponsorship5=2337
sponsor2sponsorship4=2336
sponsor2sponsorship3=2335
sponsor2sponsorship2=2334
sponsor2sponsorship1=2333
conference5panel1comment1=2287
reviewer3report1=2326
sponsor3=2244
sponsor2=2242
sponsor1=2239
author2message6=2229
author2message5=2228
author2message4=2227
conference4tutorial1comment1=2273
author2message3=2226
author2message2=2225
author2message1=2224
conference1tutorial1section2=2249
conference1tutorial1section1=2248
author1registration4=2308
author1registration3=2307
author1registration2=2306
author1registration1=2305
conference5tutorial1comment1=2286
author1finder=2216
conference2tutorial1section1=2261
conference1tutorial1=2247
conference4comment3=2278
conference4comment2=2277
conference4comment1=2276
adminmessage1=2214
userAccount9=2186
userAccount8=2185
userAccount7=2184
userAccount6=2183
userAccount5=2182
userAccount4=2181
userAccount3=2180
userAccount2=2179
userAccount1=2178
conference1comment3=2258
conference1comment2=2257
conference1comment1=2256
conference2tutorial1=2260
category9=2197
category8=2196
category7=2195
category6=2194
category5=2193
category4=2192
sponsor2message1=2243
conference5presentation1=2285
category3=2191
category2=2190
category1=2189
conference6=2292
author3=2230
conference5=2279
author2=2223
conference4=2266
author1=2215
conference3=2263
conference2=2259
conference1=2246
reviewer1message2=2234
reviewer1message1=2233
reviewer1report2=2324
reviewer1report1=2323
conference4tutorial1section2=2269
conference5presentation1comment1=2288
conference4tutorial1section1=2268
