#./src/main/resources/Entities.map
#Fri Jul 19 11:43:18 CEST 2019
paper2=2239
paper1=2238
author3message1=2174
admin=2156
conference4tutorial1=2210
author1submission4=2247
conference5tutorial1section2=2225
author1submission3=2246
conference5tutorial1section1=2224
author1submission2=2245
author1submission1=2244
conference4presentation1comment1=2218
conference5comment3=2234
conference5comment2=2233
author2registration6=2263
conference5comment1=2232
author2registration5=2262
conference5tutorial1=2223
author2registration4=2261
author2registration3=2260
author2registration2=2259
author2registration1=2258
conference1presentation1=2195
reviewer2message1=2179
sponsor1sponsorship6=2274
sponsor1sponsorship5=2273
conference1panel1comment1=2197
sponsor1sponsorship4=2272
sponsor1sponsorship3=2271
sponsor1sponsorship2=2270
sponsor1sponsorship1=2269
sponsor3message1=2188
systemConfig=2131
conference4panel1comment1=2217
topic5=2155
topic4=2154
topic3=2153
topic2=2152
topic1=2151
reviewer2report1=2267
category19=2150
category18=2149
category17=2148
category16=2147
category15=2146
category14=2145
category13=2144
category12=2143
conference1tutorial1comment1=2196
category11=2142
category10=2141
author1message6=2165
author1message5=2164
userAccount10=2130
author1message4=2163
author1message3=2162
author1message2=2161
author1message1=2160
creditCard4=2243
creditCard3=2242
creditCard2=2241
creditCard1=2240
conference6panel2=2237
conference6panel1=2236
reviewer3=2180
reviewer2=2178
reviewer1=2175
author2submission6=2257
author2submission5=2256
author2submission4=2255
conference4panel2=2214
author2submission3=2254
conference4panel1=2213
author2submission2=2253
author2submission1=2252
conference1presentation1comment1=2198
conference5panel2=2227
conference5panel1=2226
conference4presentation1=2215
conference1panel2=2194
conference1panel1=2193
conference2panel1=2205
conference3panel2=2208
conference3panel1=2207
sponsor1message2=2184
reviewer3message1=2181
sponsor1message1=2183
author3registration2=2265
author3registration1=2264
sponsor2sponsorship6=2280
sponsor2sponsorship5=2279
sponsor2sponsorship4=2278
sponsor2sponsorship3=2277
sponsor2sponsorship2=2276
sponsor2sponsorship1=2275
conference5panel1comment1=2230
reviewer3report1=2268
sponsor3=2187
sponsor2=2185
sponsor1=2182
author2message6=2172
author2message5=2171
author2message4=2170
conference4tutorial1comment1=2216
author2message3=2169
author2message2=2168
author2message1=2167
conference1tutorial1section2=2192
conference1tutorial1section1=2191
author1registration4=2251
author1registration3=2250
author1registration2=2249
author1registration1=2248
conference5tutorial1comment1=2229
author1finder=2159
conference2tutorial1section1=2204
conference1tutorial1=2190
conference4comment3=2221
conference4comment2=2220
conference4comment1=2219
adminmessage1=2157
userAccount9=2129
userAccount8=2128
userAccount7=2127
userAccount6=2126
userAccount5=2125
userAccount4=2124
userAccount3=2123
userAccount2=2122
userAccount1=2121
conference1comment3=2201
conference1comment2=2200
conference1comment1=2199
conference2tutorial1=2203
category9=2140
category8=2139
category7=2138
category6=2137
category5=2136
category4=2135
sponsor2message1=2186
conference5presentation1=2228
category3=2134
category2=2133
category1=2132
conference6=2235
author3=2173
conference5=2222
author2=2166
conference4=2209
author1=2158
conference3=2206
conference2=2202
conference1=2189
reviewer1message2=2177
reviewer1message1=2176
reviewer1report1=2266
conference4tutorial1section2=2212
conference5presentation1comment1=2231
conference4tutorial1section1=2211
